SQL> 
SQL> 
SQL> REM NOW WE DISCUSS ABOUT THE LOGICAL OPERATOR:
SQL> 
SQL> REM LOGICAL OPERATOR: AND, OR, NOT
SQL> 
SQL> REM LOGICAL OPERATOR:() ->NOT ->AND ->OR
SQL> 
SQL> 
SQL> REM NOT : IS PLACED BEFORE THE CONDITION
SQL> 
SQL> REM AND & OR ARE PLACED BETWEEN THE CONDTION
SQL> 
SQL> REM NOT : IT USED TO REVERSE THE RESULT OF FOLLOWING CONDITION
SQL> 
SQL> REM AND :IT USED WHEN WE WANT TO PROCESS ROWS WHICH SATISFIES BOTH CONDITION
SQL> 
SQL> REM OR : IT USED WHEN WE WANT TO PROCESS ROWS WHICH SATISFIES ATLEAST ONE CONDITION
SQL> 
SQL> 
SQL> 
SQL> SELECT * FROM EXAM;

       RNO    ENGLISH      MATHS                                                                                                                                                                        
---------- ---------- ----------                                                                                                                                                                        
         1         30         70                                                                                                                                                                        
         2         70         20                                                                                                                                                                        
         3         30         10                                                                                                                                                                        
         4         60         70                                                                                                                                                                        

SQL> 
SQL> REM PASSING LEVEL : 33/100
SQL> 
SQL> REM DISPLAY THOSE WE ARE PASS IN ENGLISH SUBJECT
SQL> 
SQL> SELECT * FROM EXAM WHERE ENGLISH >33;

       RNO    ENGLISH      MATHS                                                                                                                                                                        
---------- ---------- ----------                                                                                                                                                                        
         2         70         20                                                                                                                                                                        
         4         60         70                                                                                                                                                                        

SQL> 
SQL> 
SQL> REM DISPLAY THOSE WHO ARE FAIL IN MATHS SUBJECT
SQL> 
SQL> SELECT * FROM EXAM WHERE MATHS<33;

       RNO    ENGLISH      MATHS                                                                                                                                                                        
---------- ---------- ----------                                                                                                                                                                        
         2         70         20                                                                                                                                                                        
         3         30         10                                                                                                                                                                        

SQL> 
SQL> 
SQL> REM DISPLAY THOSE WHOSE RESULT IS FAIL
SQL> 
SQL> SELECT * FROM EXAM WHERE MATHS <33 AND ENGLISH <33;

       RNO    ENGLISH      MATHS                                                                                                                                                                        
---------- ---------- ----------                                                                                                                                                                        
         3         30         10                                                                                                                                                                        

SQL> 
SQL> SELECT * FROM EXAM WHERE MATHS <33 OR ENGLISH <33;

       RNO    ENGLISH      MATHS                                                                                                                                                                        
---------- ---------- ----------                                                                                                                                                                        
         1         30         70                                                                                                                                                                        
         2         70         20                                                                                                                                                                        
         3         30         10                                                                                                                                                                        

SQL> 
SQL> 
SQL> SELECT * FROM EXAM WHERE NOT MATHS <33 OR ENGLISH <33;

       RNO    ENGLISH      MATHS                                                                                                                                                                        
---------- ---------- ----------                                                                                                                                                                        
         1         30         70                                                                                                                                                                        
         3         30         10                                                                                                                                                                        
         4         60         70                                                                                                                                                                        

SQL> SELECT * FROM EXAM WHERE NOT MATHS <33 OR NOT ENGLISH <33;

       RNO    ENGLISH      MATHS                                                                                                                                                                        
---------- ---------- ----------                                                                                                                                                                        
         1         30         70                                                                                                                                                                        
         2         70         20                                                                                                                                                                        
         4         60         70                                                                                                                                                                        

SQL> 
SQL> 
SQL> SELECT * FROM EXAM WHERE NOT (ENGLISH >=33 AND MATHS >=33):
  2  ;
SELECT * FROM EXAM WHERE NOT (ENGLISH >=33 AND MATHS >=33):
                                                          *
ERROR at line 1:
ORA-00933: SQL command not properly ended 


SQL> SELECT * FROM EXAM WHERE NOT (ENGLISH >=33 AND MATHS >=33);

       RNO    ENGLISH      MATHS                                                                                                                                                                        
---------- ---------- ----------                                                                                                                                                                        
         1         30         70                                                                                                                                                                        
         2         70         20                                                                                                                                                                        
         3         30         10                                                                                                                                                                        

SQL> 
SQL> 
SQL> SELECT * FROM EMPLOYEES;

EMPLOYEE_ID FIRST_NAME      LAST_NAME       EMAIL      PHONE_NUMBER         HIRE_DATE JOB_ID         SALARY COMMISSION_PCT MANAGER_ID DEPARTMENT_ID                                                     
----------- --------------- --------------- ---------- -------------------- --------- ---------- ---------- -------------- ---------- -------------                                                     
        100 Steven          King            SKING      515.123.4567         17-JUL-87 AD_PRES         24000                                      90                                                     
        101 Neena           Kochhar         NKOCHHAR   515.123.4568         21-SEP-89 AD_VP           17000                       100            90                                                     
        102 Lex             De Haan         LDEHAAN    515.123.4569         13-JAN-93 AD_VP           17000                       100            90                                                     
        103 Alexander       Hunold          AHUNOLD    590.423.4567         03-JAN-90 IT_PROG          9000                       102            60                                                     
        104 Bruce           Ernst           BERNST     590.423.4568         21-MAY-91 IT_PROG          6000                       103            60                                                     
        107 Diana           Lorentz         DLORENTZ   590.423.5567         07-FEB-99 IT_PROG          4200                       103            60                                                     
        124 Kevin           Mourgos         KMOURGOS   650.123.5234         16-NOV-99 ST_MAN           5800                       100            50                                                     
        141 Trenna          Rajs            TRAJS      650.121.8009         17-OCT-95 ST_CLERK         3500                       124            50                                                     
        142 Curtis          Davies          CDAVIES    650.121.2994         29-JAN-97 ST_CLERK         3100                       124            50                                                     
        143 Randall         Matos           RMATOS     650.121.2874         15-MAR-98 ST_CLERK         2600                       124            50                                                     
        144 Peter           Vargas          PVARGAS    650.121.2004         09-JUL-98 ST_CLERK         2500                       124            50                                                     
        149 Eleni           Zlotkey         EZLOTKEY   011.44.1344.429018   29-JAN-00 SA_MAN          10500             .2        100            80                                                     
        174 Ellen           Abel            EABEL      011.44.1644.429267   11-MAY-96 SA_REP          11000             .3        149            80                                                     
        176 Jonathon        Taylor          JTAYLOR    011.44.1644.429265   24-MAR-98 SA_REP           8600             .3        149            80                                                     
        178 Kimerely        Grant           KGRANT     011.44.1644.429263   24-MAY-99 SA_REP           7000            .15        149                                                                   
        200 Jennifer        Whalen          JWHALEN    515.123.4444         17-SEP-87 AD_ASST          4400                       101            10                                                     
        201 Michael         Hartstein       MHARTSTE   515.123.5555         17-FEB-96 MK_MAN          13000                       100            20                                                     
        202 Pat             Fay             PFAY       603.123.6666         17-AUG-97 MK_REP           6000                       201            20                                                     
        205 Shelley         Higgins         SHIGGINS   515.123.8080         07-JUN-94 AC_MGR          12000                       101           110                                                     
        206 William         Gietz           WGIETZ     515.123.8181         07-JUN-94 AC_ACCOUNT       8300                       205           110                                                     

20 rows selected.

SQL> SELECT * FROM EMPLOYEES;

EMPLOYEE_ID FIRST_NAME      LAST_NAME       EMAIL      PHONE_NUMBER         HIRE_DATE JOB_ID         SALARY COMMISSION_PCT MANAGER_ID DEPARTMENT_ID                                                     
----------- --------------- --------------- ---------- -------------------- --------- ---------- ---------- -------------- ---------- -------------                                                     
        100 Steven          King            SKING      515.123.4567         17-JUL-87 AD_PRES         24000                                      90                                                     
        101 Neena           Kochhar         NKOCHHAR   515.123.4568         21-SEP-89 AD_VP           17000                       100            90                                                     
        102 Lex             De Haan         LDEHAAN    515.123.4569         13-JAN-93 AD_VP           17000                       100            90                                                     
        103 Alexander       Hunold          AHUNOLD    590.423.4567         03-JAN-90 IT_PROG          9000                       102            60                                                     
        104 Bruce           Ernst           BERNST     590.423.4568         21-MAY-91 IT_PROG          6000                       103            60                                                     
        107 Diana           Lorentz         DLORENTZ   590.423.5567         07-FEB-99 IT_PROG          4200                       103            60                                                     
        124 Kevin           Mourgos         KMOURGOS   650.123.5234         16-NOV-99 ST_MAN           5800                       100            50                                                     
        141 Trenna          Rajs            TRAJS      650.121.8009         17-OCT-95 ST_CLERK         3500                       124            50                                                     
        142 Curtis          Davies          CDAVIES    650.121.2994         29-JAN-97 ST_CLERK         3100                       124            50                                                     
        143 Randall         Matos           RMATOS     650.121.2874         15-MAR-98 ST_CLERK         2600                       124            50                                                     
        144 Peter           Vargas          PVARGAS    650.121.2004         09-JUL-98 ST_CLERK         2500                       124            50                                                     
        149 Eleni           Zlotkey         EZLOTKEY   011.44.1344.429018   29-JAN-00 SA_MAN          10500             .2        100            80                                                     
        174 Ellen           Abel            EABEL      011.44.1644.429267   11-MAY-96 SA_REP          11000             .3        149            80                                                     
        176 Jonathon        Taylor          JTAYLOR    011.44.1644.429265   24-MAR-98 SA_REP           8600             .3        149            80                                                     
        178 Kimerely        Grant           KGRANT     011.44.1644.429263   24-MAY-99 SA_REP           7000            .15        149                                                                   
        200 Jennifer        Whalen          JWHALEN    515.123.4444         17-SEP-87 AD_ASST          4400                       101            10                                                     
        201 Michael         Hartstein       MHARTSTE   515.123.5555         17-FEB-96 MK_MAN          13000                       100            20                                                     
        202 Pat             Fay             PFAY       603.123.6666         17-AUG-97 MK_REP           6000                       201            20                                                     
        205 Shelley         Higgins         SHIGGINS   515.123.8080         07-JUN-94 AC_MGR          12000                       101           110                                                     
        206 William         Gietz           WGIETZ     515.123.8181         07-JUN-94 AC_ACCOUNT       8300                       205           110                                                     

20 rows selected.

SQL> SELECT * FROM EMPLOYEES;

EMPLOYEE_ID FIRST_NAME      LAST_NAME       EMAIL      PHONE_NUMBER         HIRE_DATE JOB_ID         SALARY COMMISSION_PCT MANAGER_ID DEPARTMENT_ID                                                     
----------- --------------- --------------- ---------- -------------------- --------- ---------- ---------- -------------- ---------- -------------                                                     
        100 Steven          King            SKING      515.123.4567         17-JUL-87 AD_PRES         24000                                      90                                                     
        101 Neena           Kochhar         NKOCHHAR   515.123.4568         21-SEP-89 AD_VP           17000                       100            90                                                     
        102 Lex             De Haan         LDEHAAN    515.123.4569         13-JAN-93 AD_VP           17000                       100            90                                                     
        103 Alexander       Hunold          AHUNOLD    590.423.4567         03-JAN-90 IT_PROG          9000                       102            60                                                     
        104 Bruce           Ernst           BERNST     590.423.4568         21-MAY-91 IT_PROG          6000                       103            60                                                     
        107 Diana           Lorentz         DLORENTZ   590.423.5567         07-FEB-99 IT_PROG          4200                       103            60                                                     
        124 Kevin           Mourgos         KMOURGOS   650.123.5234         16-NOV-99 ST_MAN           5800                       100            50                                                     
        141 Trenna          Rajs            TRAJS      650.121.8009         17-OCT-95 ST_CLERK         3500                       124            50                                                     
        142 Curtis          Davies          CDAVIES    650.121.2994         29-JAN-97 ST_CLERK         3100                       124            50                                                     
        143 Randall         Matos           RMATOS     650.121.2874         15-MAR-98 ST_CLERK         2600                       124            50                                                     
        144 Peter           Vargas          PVARGAS    650.121.2004         09-JUL-98 ST_CLERK         2500                       124            50                                                     
        149 Eleni           Zlotkey         EZLOTKEY   011.44.1344.429018   29-JAN-00 SA_MAN          10500             .2        100            80                                                     
        174 Ellen           Abel            EABEL      011.44.1644.429267   11-MAY-96 SA_REP          11000             .3        149            80                                                     
        176 Jonathon        Taylor          JTAYLOR    011.44.1644.429265   24-MAR-98 SA_REP           8600             .3        149            80                                                     
        178 Kimerely        Grant           KGRANT     011.44.1644.429263   24-MAY-99 SA_REP           7000            .15        149                                                                   
        200 Jennifer        Whalen          JWHALEN    515.123.4444         17-SEP-87 AD_ASST          4400                       101            10                                                     
        201 Michael         Hartstein       MHARTSTE   515.123.5555         17-FEB-96 MK_MAN          13000                       100            20                                                     
        202 Pat             Fay             PFAY       603.123.6666         17-AUG-97 MK_REP           6000                       201            20                                                     
        205 Shelley         Higgins         SHIGGINS   515.123.8080         07-JUN-94 AC_MGR          12000                       101           110                                                     
        206 William         Gietz           WGIETZ     515.123.8181         07-JUN-94 AC_ACCOUNT       8300                       205           110                                                     

20 rows selected.

SQL> 
SQL> SELECT * FROM EMPLOYEES WHERE SALARY >1000 AND JOB_ID LIKE '%REP' ORDER BY 8;

EMPLOYEE_ID FIRST_NAME      LAST_NAME       EMAIL      PHONE_NUMBER         HIRE_DATE JOB_ID         SALARY COMMISSION_PCT MANAGER_ID DEPARTMENT_ID                                                     
----------- --------------- --------------- ---------- -------------------- --------- ---------- ---------- -------------- ---------- -------------                                                     
        202 Pat             Fay             PFAY       603.123.6666         17-AUG-97 MK_REP           6000                       201            20                                                     
        178 Kimerely        Grant           KGRANT     011.44.1644.429263   24-MAY-99 SA_REP           7000            .15        149                                                                   
        176 Jonathon        Taylor          JTAYLOR    011.44.1644.429265   24-MAR-98 SA_REP           8600             .3        149            80                                                     
        174 Ellen           Abel            EABEL      011.44.1644.429267   11-MAY-96 SA_REP          11000             .3        149            80                                                     

SQL> 
SQL> REM DISPLAY THOSE WHO WORKS IN ANY OF DEPARTMENT 60 OR 80 AND GETS SALARY HIGHER THAN 8889;
SQL> 
SQL> 
SQL> SELECT * FROM EMPLOYEES WHERE DEPARTMENT_ID IN (60,80) AND SALARY>8889;

EMPLOYEE_ID FIRST_NAME      LAST_NAME       EMAIL      PHONE_NUMBER         HIRE_DATE JOB_ID         SALARY COMMISSION_PCT MANAGER_ID DEPARTMENT_ID                                                     
----------- --------------- --------------- ---------- -------------------- --------- ---------- ---------- -------------- ---------- -------------                                                     
        103 Alexander       Hunold          AHUNOLD    590.423.4567         03-JAN-90 IT_PROG          9000                       102            60                                                     
        149 Eleni           Zlotkey         EZLOTKEY   011.44.1344.429018   29-JAN-00 SA_MAN          10500             .2        100            80                                                     
        174 Ellen           Abel            EABEL      011.44.1644.429267   11-MAY-96 SA_REP          11000             .3        149            80                                                     

SQL> 
SQL> SELECT * FROM EMPLOYEES WHERE DEPARTMENT_ID =60  OR DEPARTMENT_ID =80 AND SALARY >8889;

EMPLOYEE_ID FIRST_NAME      LAST_NAME       EMAIL      PHONE_NUMBER         HIRE_DATE JOB_ID         SALARY COMMISSION_PCT MANAGER_ID DEPARTMENT_ID                                                     
----------- --------------- --------------- ---------- -------------------- --------- ---------- ---------- -------------- ---------- -------------                                                     
        103 Alexander       Hunold          AHUNOLD    590.423.4567         03-JAN-90 IT_PROG          9000                       102            60                                                     
        104 Bruce           Ernst           BERNST     590.423.4568         21-MAY-91 IT_PROG          6000                       103            60                                                     
        107 Diana           Lorentz         DLORENTZ   590.423.5567         07-FEB-99 IT_PROG          4200                       103            60                                                     
        149 Eleni           Zlotkey         EZLOTKEY   011.44.1344.429018   29-JAN-00 SA_MAN          10500             .2        100            80                                                     
        174 Ellen           Abel            EABEL      011.44.1644.429267   11-MAY-96 SA_REP          11000             .3        149            80                                                     

SQL> SELECT * FROM EMPLOYEES WHERE (DEPARTMENT_ID =60  OR DEPARTMENT_ID =80) AND SALARY >8889;

EMPLOYEE_ID FIRST_NAME      LAST_NAME       EMAIL      PHONE_NUMBER         HIRE_DATE JOB_ID         SALARY COMMISSION_PCT MANAGER_ID DEPARTMENT_ID                                                     
----------- --------------- --------------- ---------- -------------------- --------- ---------- ---------- -------------- ---------- -------------                                                     
        103 Alexander       Hunold          AHUNOLD    590.423.4567         03-JAN-90 IT_PROG          9000                       102            60                                                     
        149 Eleni           Zlotkey         EZLOTKEY   011.44.1344.429018   29-JAN-00 SA_MAN          10500             .2        100            80                                                     
        174 Ellen           Abel            EABEL      011.44.1644.429267   11-MAY-96 SA_REP          11000             .3        149            80                                                     

SQL> 
SQL> 
SQL> SELECT * FROM EMPLOYEES FETCH FIRST 5 ROWS ONLY;
SELECT * FROM EMPLOYEES FETCH FIRST 5 ROWS ONLY
                              *
ERROR at line 1:
ORA-00933: SQL command not properly ended 


SQL> 
SQL> SPOOL OFF;
